// Jest Snapshot v1, https://goo.gl/fbAQLP

exports[`formatter formats to JSON correctly 1`] = `
"{
    \\"foo\\": \\"foo\\",
    \\"bar\\": \\"bar\\",
    \\"baz\\": \\"baz\\",
    \\"xyz\\": null,
    \\"qux\\": \\"2021-01-04T13:08:25.618Z\\",
    \\"quux\\": 1.234,
    \\"quuz\\": {}
}"
`;

exports[`formatter formats to YAML correctly 1`] = `
"foo: foo
bar: bar
baz: baz
xyz: null
qux: 2021-01-04T13:08:25.618Z
quux: 1.234
quuz: {}
"
`;

exports[`formatter formats to table correctly 1`] = `
"[37m┌─────┬─────┬─────┬─────┬─────────────────────┬───────┬──────┐[39m
[37m│[39m[31m foo [39m[37m│[39m[31m bar [39m[37m│[39m[31m baz [39m[37m│[39m[31m xyz [39m[37m│[39m[31m qux                 [39m[37m│[39m[31m quux  [39m[37m│[39m[31m quuz [39m[37m│[39m
[37m├─────┼─────┼─────┼─────┼─────────────────────┼───────┼──────┤[39m
[37m│[39m foo [37m│[39m bar [37m│[39m baz [37m│[39m -   [37m│[39m 01/04/2021, 6:08 PM [37m│[39m 1.234 [37m│[39m {}   [37m│[39m
[37m└─────┴─────┴─────┴─────┴─────────────────────┴───────┴──────┘[39m"
`;
