// Jest Snapshot v1, https://goo.gl/fbAQLP

exports[`humanify formats boolean 1`] = `"Yes"`;

exports[`humanify formats boolean 2`] = `"No"`;

exports[`humanify formats date 1`] = `"01/04/2021, 12:34 PM"`;

exports[`humanify formats null/undefined 1`] = `"-"`;

exports[`humanify formats number 1`] = `1.123333333`;

exports[`humanify formats objects 1`] = `"{"foo":["foo","bar","baz"],"bar":true,"baz":{"xyz":{"qux":"quux"}}}"`;

exports[`humanify formats string 1`] = `"string12345"`;
