// Jest Snapshot v1, https://goo.gl/fbAQLP

exports[`factoryctl rerun throws on missing arguments 1`] = `
"factoryctl run pipeline [pipeline-id]

Executes specified pipeline

Positionals:
  pipeline-id  ID of the pipeline to be executed  [string] [default: read from stdin]

Options:
      --version             Show version number  [boolean]
      --address             Address of the Factory API server. Required for all commands except "organization(s)  [string] [default: FACTORY_ADDRESS if set, otherwise https://api.dev.factory.sophos.com/v1]
      --auth-address        Address of the Factory Auth API server. Required for "organization(s)" commands  [string] [default: FACTORY_AUTH_ADDRESS if set, otherwise https://auth.dev.factory.sophos.com/v1]
      --auth-token          Authentication token  [string] [default: FACTORY_AUTH_TOKEN environment variable]
      --filter              Filter output using JSONPath  [string]
      --format              Output format  [choices: "wide", "json", "yaml"] [default: "wide"]
  -v, --verbose             Print detailed output  [boolean]
      --help                Show help  [boolean]
      --wait                Wait until run execution is finished  [boolean]
      --suppress-events     Suppress run events during pipeline or job run  [boolean]
      --suppress-outputs    Suppress outputs during pipeline or job run  [boolean]
      --suppress-variables  Suppress variables during pipeline or job run  [boolean]
      --var                 Pipeline variable in \`key:value\` format, where value is JSON data or valid JSON object.  [string]
      --project-id          ID of the project containing the pipeline  [string] [required]
      --revision-id         ID of the pipeline revision to be executed  [string] [required]

Missing required arguments: project-id, revision-id
"
`;
